[2026-08-23T12:47:28+02:00] METHOD: GET RAW_BODY:

_POST:
[]

[2026-08-23T12:47:28+02:00] METHOD: GET RAW_BODY:

_POST:
[]

[2026-08-23T12:47:32+02:00] METHOD: GET RAW_BODY:

_POST:
[]

[2026-08-23T12:47:40+02:00] METHOD: POST RAW_BODY:

_POST:
{"action":"create_sale","purchase_id":"","payment_method":"cash","amount_paid":"20","discount":"0","tax":"0","medicines":[{"medicine_id":"2","quantity":"1","selling_price":"17.28"}]}

[2026-08-23T12:47:40+02:00] METHOD: GET RAW_BODY:

_POST:
[]

[2026-08-27T15:24:53+02:00] METHOD: GET RAW_BODY:

_POST:
[]

[2026-08-27T15:24:53+02:00] METHOD: GET RAW_BODY:

_POST:
[]

[2026-08-27T15:56:35+02:00] METHOD: GET RAW_BODY:

_POST:
[]

[2026-08-27T15:56:35+02:00] METHOD: GET RAW_BODY:

_POST:
[]

[2026-08-27T15:56:39+02:00] METHOD: GET RAW_BODY:

_POST:
[]

[2026-08-27T15:56:51+02:00] METHOD: POST RAW_BODY:

_POST:
{"action":"create_sale","purchase_id":"","payment_method":"cash","amount_paid":"400","discount":"0","tax":"0","medicines":[{"medicine_id":"2","quantity":"20","selling_price":"17.28"}]}

[2026-08-27T15:56:51+02:00] METHOD: GET RAW_BODY:

_POST:
[]

[2026-08-30T14:24:50+02:00] METHOD: GET RAW_BODY:

_POST:
[]

[2026-08-30T14:24:50+02:00] METHOD: GET RAW_BODY:

_POST:
[]

[2026-08-30T15:09:05+02:00] METHOD: GET RAW_BODY:

_POST:
[]

[2026-08-30T15:09:05+02:00] METHOD: GET RAW_BODY:

_POST:
[]

