[2026-08-23T12:28:54+02:00] METHOD: GET RAW_BODY:

_POST:
[]

[2026-08-23T12:28:54+02:00] METHOD: GET RAW_BODY:

_POST:
[]

[2026-08-23T12:29:01+02:00] METHOD: GET RAW_BODY:

_POST:
[]

[2026-08-23T12:29:09+02:00] METHOD: POST RAW_BODY:

_POST:
{"action":"create_sale","purchase_id":"","payment_method":"cash","amount_paid":"20","discount":"0","tax":"0","medicines":[{"medicine_id":"2","quantity":"1","selling_price":"17.28"}]}

[2026-08-23T12:32:07+02:00] METHOD: GET RAW_BODY:

_POST:
[]

[2026-08-23T12:32:07+02:00] METHOD: GET RAW_BODY:

_POST:
[]

[2026-08-23T12:32:08+02:00] METHOD: GET RAW_BODY:

_POST:
[]

[2026-08-23T12:32:08+02:00] METHOD: GET RAW_BODY:

_POST:
[]

[2026-08-23T12:32:08+02:00] METHOD: GET RAW_BODY:

_POST:
[]

[2026-08-23T12:32:08+02:00] METHOD: GET RAW_BODY:

_POST:
[]

[2026-08-23T12:32:08+02:00] METHOD: GET RAW_BODY:

_POST:
[]

[2026-08-23T12:32:08+02:00] METHOD: GET RAW_BODY:

_POST:
[]

[2026-08-23T12:32:08+02:00] METHOD: GET RAW_BODY:

_POST:
[]

[2026-08-23T12:32:08+02:00] METHOD: GET RAW_BODY:

_POST:
[]

[2026-08-23T12:32:08+02:00] METHOD: GET RAW_BODY:

_POST:
[]

[2026-08-23T12:32:08+02:00] METHOD: GET RAW_BODY:

_POST:
[]

[2026-08-23T12:32:09+02:00] METHOD: GET RAW_BODY:

_POST:
[]

[2026-08-23T12:32:13+02:00] METHOD: GET RAW_BODY:

_POST:
[]

[2026-08-23T12:32:35+02:00] METHOD: POST RAW_BODY:

_POST:
{"action":"create_sale","purchase_id":"","payment_method":"cash","amount_paid":"100","discount":"0","tax":"0","medicines":[{"medicine_id":"1","quantity":"5","selling_price":"14.4"}]}

[2026-08-23T12:39:16+02:00] METHOD: POST RAW_BODY:

_POST:
{"action":"create_sale","purchase_id":"","payment_method":"cash","amount_paid":"100","discount":"0","tax":"0","medicines":[{"medicine_id":"1","quantity":"5","selling_price":"14.4"}]}

[2026-08-23T12:39:18+02:00] METHOD: POST RAW_BODY:

_POST:
{"action":"create_sale","purchase_id":"","payment_method":"cash","amount_paid":"100","discount":"0","tax":"0","medicines":[{"medicine_id":"1","quantity":"5","selling_price":"14.4"}]}

[2026-08-23T12:39:27+02:00] METHOD: GET RAW_BODY:

_POST:
[]

[2026-08-23T12:39:27+02:00] METHOD: GET RAW_BODY:

_POST:
[]

[2026-08-23T12:39:33+02:00] METHOD: GET RAW_BODY:

_POST:
[]

[2026-08-23T12:39:42+02:00] METHOD: POST RAW_BODY:

_POST:
{"action":"create_sale","purchase_id":"","payment_method":"cash","amount_paid":"70","discount":"0","tax":"0","medicines":[{"medicine_id":"2","quantity":"4","selling_price":"17.28"}]}

[2026-08-23T12:42:01+02:00] METHOD: GET RAW_BODY:

_POST:
[]

[2026-08-23T12:47:13+02:00] METHOD: GET RAW_BODY:

_POST:
[]

[2026-08-23T12:47:13+02:00] METHOD: GET RAW_BODY:

_POST:
[]

[2026-08-23T12:57:57+02:00] METHOD: GET RAW_BODY:

_POST:
[]

[2026-08-23T12:57:57+02:00] METHOD: GET RAW_BODY:

_POST:
[]

[2026-08-23T12:57:58+02:00] METHOD: GET RAW_BODY:

_POST:
[]

[2026-08-23T12:57:58+02:00] METHOD: GET RAW_BODY:

_POST:
[]

[2026-08-23T12:57:58+02:00] METHOD: GET RAW_BODY:

_POST:
[]

[2026-08-23T12:57:58+02:00] METHOD: GET RAW_BODY:

_POST:
[]

[2026-08-23T12:57:58+02:00] METHOD: GET RAW_BODY:

_POST:
[]

[2026-08-23T12:57:58+02:00] METHOD: GET RAW_BODY:

_POST:
[]

[2026-08-23T12:57:59+02:00] METHOD: GET RAW_BODY:

_POST:
[]

[2026-08-23T12:59:08+02:00] METHOD: GET RAW_BODY:

_POST:
[]

[2026-08-23T12:59:09+02:00] METHOD: GET RAW_BODY:

_POST:
[]

[2026-08-23T12:59:10+02:00] METHOD: GET RAW_BODY:

_POST:
[]

[2026-08-23T12:59:18+02:00] METHOD: POST RAW_BODY:

_POST:
{"action":"create_sale","purchase_id":"","payment_method":"cash","amount_paid":"40","discount":"0","tax":"0","medicines":[{"medicine_id":"2","quantity":"2","selling_price":"17.28"}]}

[2026-08-23T12:59:18+02:00] METHOD: GET RAW_BODY:

_POST:
[]

[2026-08-23T13:07:30+02:00] METHOD: GET RAW_BODY:

_POST:
[]

[2026-08-23T13:07:30+02:00] METHOD: GET RAW_BODY:

_POST:
[]

[2026-08-23T13:07:31+02:00] METHOD: GET RAW_BODY:

_POST:
[]

[2026-08-23T13:07:38+02:00] METHOD: POST RAW_BODY:

_POST:
{"action":"create_sale","purchase_id":"","payment_method":"cash","amount_paid":"20","discount":"0","tax":"0","medicines":[{"medicine_id":"1","quantity":"1","selling_price":"14.4"}]}

[2026-08-23T13:07:38+02:00] METHOD: GET RAW_BODY:

_POST:
[]

[2026-08-23T13:08:50+02:00] METHOD: GET RAW_BODY:

_POST:
[]

[2026-08-23T13:08:50+02:00] METHOD: GET RAW_BODY:

_POST:
[]

[2026-08-23T13:08:52+02:00] METHOD: GET RAW_BODY:

_POST:
[]

[2026-08-23T13:09:05+02:00] METHOD: GET RAW_BODY:

_POST:
[]

[2026-08-23T13:09:05+02:00] METHOD: GET RAW_BODY:

_POST:
[]

[2026-08-23T13:09:07+02:00] METHOD: GET RAW_BODY:

_POST:
[]

[2026-08-23T13:09:19+02:00] METHOD: POST RAW_BODY:

_POST:
{"action":"create_sale","purchase_id":"","payment_method":"cash","amount_paid":"600","discount":"0","tax":"0","medicines":[{"medicine_id":"1","quantity":"50","selling_price":"12"}]}

[2026-08-23T13:09:19+02:00] METHOD: GET RAW_BODY:

_POST:
[]

[2026-08-25T16:00:30+02:00] METHOD: GET RAW_BODY:

_POST:
[]

[2026-08-25T16:00:30+02:00] METHOD: GET RAW_BODY:

_POST:
[]

[2026-08-25T16:00:31+02:00] METHOD: GET RAW_BODY:

_POST:
[]

[2026-08-25T16:00:41+02:00] METHOD: GET RAW_BODY:

_POST:
[]

[2026-08-25T16:00:56+02:00] METHOD: POST RAW_BODY:

_POST:
{"action":"create_sale","purchase_id":"","payment_method":"cash","amount_paid":"1080","discount":"0","tax":"0","medicines":[{"medicine_id":"1","quantity":"90","selling_price":"12"}]}

[2026-08-25T16:00:56+02:00] METHOD: GET RAW_BODY:

_POST:
[]

[2026-08-25T16:16:36+02:00] METHOD: GET RAW_BODY:

_POST:
[]

[2026-08-25T16:16:36+02:00] METHOD: GET RAW_BODY:

_POST:
[]

[2026-08-25T16:16:39+02:00] METHOD: GET RAW_BODY:

_POST:
[]

[2026-08-25T16:17:05+02:00] METHOD: POST RAW_BODY:

_POST:
{"action":"create_sale","purchase_id":"","payment_method":"cash","amount_paid":"3456","discount":"0","tax":"0","medicines":[{"medicine_id":"2","quantity":"200","selling_price":"17.28"}]}

[2026-08-25T16:17:05+02:00] METHOD: GET RAW_BODY:

_POST:
[]

[2026-08-25T16:19:37+02:00] METHOD: GET RAW_BODY:

_POST:
[]

[2026-08-25T16:19:37+02:00] METHOD: GET RAW_BODY:

_POST:
[]

[2026-08-25T16:19:38+02:00] METHOD: GET RAW_BODY:

_POST:
[]

[2026-08-25T16:33:14+02:00] METHOD: GET RAW_BODY:

_POST:
[]

[2026-08-25T16:33:14+02:00] METHOD: GET RAW_BODY:

_POST:
[]

[2026-08-25T16:33:17+02:00] METHOD: GET RAW_BODY:

_POST:
[]

[2026-08-25T16:33:46+02:00] METHOD: POST RAW_BODY:

_POST:
{"action":"create_sale","purchase_id":"","payment_method":"cash","amount_paid":"3500","discount":"0","tax":"0","medicines":[{"medicine_id":"2","quantity":"200","selling_price":"17.28"}]}

[2026-08-25T16:33:46+02:00] METHOD: GET RAW_BODY:

_POST:
[]

[2026-08-25T16:40:26+02:00] METHOD: GET RAW_BODY:

_POST:
[]

[2026-08-25T16:40:26+02:00] METHOD: GET RAW_BODY:

_POST:
[]

[2026-08-25T16:40:28+02:00] METHOD: GET RAW_BODY:

_POST:
[]

[2026-08-25T16:40:40+02:00] METHOD: POST RAW_BODY:

_POST:
{"action":"create_sale","purchase_id":"","payment_method":"cash","amount_paid":"3456","discount":"0","tax":"0","medicines":[{"medicine_id":"2","quantity":"200","selling_price":"17.28"}]}

[2026-08-25T16:40:40+02:00] METHOD: GET RAW_BODY:

_POST:
[]

[2026-08-25T16:48:18+02:00] METHOD: GET RAW_BODY:

_POST:
[]

[2026-08-25T16:48:18+02:00] METHOD: GET RAW_BODY:

_POST:
[]

[2026-08-25T16:48:19+02:00] METHOD: GET RAW_BODY:

_POST:
[]

[2026-08-25T16:49:03+02:00] METHOD: GET RAW_BODY:

_POST:
[]

[2026-08-25T16:49:03+02:00] METHOD: GET RAW_BODY:

_POST:
[]

[2026-08-25T16:49:04+02:00] METHOD: GET RAW_BODY:

_POST:
[]

[2026-08-25T16:49:09+02:00] METHOD: GET RAW_BODY:

_POST:
[]

[2026-08-25T16:49:23+02:00] METHOD: POST RAW_BODY:

_POST:
{"action":"create_sale","purchase_id":"","payment_method":"cash","amount_paid":"5184","discount":"0","tax":"0","medicines":[{"medicine_id":"2","quantity":"300","selling_price":"17.28"}]}

[2026-08-25T16:49:23+02:00] METHOD: GET RAW_BODY:

_POST:
[]

[2026-08-25T17:01:21+02:00] METHOD: GET RAW_BODY:

_POST:
[]

[2026-08-25T17:01:21+02:00] METHOD: GET RAW_BODY:

_POST:
[]

[2026-08-25T17:01:23+02:00] METHOD: GET RAW_BODY:

_POST:
[]

[2026-08-25T17:01:48+02:00] METHOD: POST RAW_BODY:

_POST:
{"action":"create_sale","purchase_id":"","payment_method":"cash","amount_paid":"3456","discount":"0","tax":"0","medicines":[{"medicine_id":"2","quantity":"200","selling_price":"17.28"}]}

[2026-08-25T17:01:48+02:00] METHOD: GET RAW_BODY:

_POST:
[]

[2026-08-25T17:04:22+02:00] METHOD: GET RAW_BODY:

_POST:
[]

[2026-08-25T17:04:22+02:00] METHOD: GET RAW_BODY:

_POST:
[]

[2026-08-25T17:04:24+02:00] METHOD: GET RAW_BODY:

_POST:
[]

[2026-08-25T17:04:38+02:00] METHOD: GET RAW_BODY:

_POST:
[]

[2026-08-25T17:05:21+02:00] METHOD: POST RAW_BODY:

_POST:
{"action":"create_sale","purchase_id":"","payment_method":"cash","amount_paid":"4320","discount":"0","tax":"0","medicines":[{"medicine_id":"2","quantity":"250","selling_price":"17.28"}]}

[2026-08-25T17:05:21+02:00] METHOD: GET RAW_BODY:

_POST:
[]

[2026-08-25T17:09:47+02:00] METHOD: GET RAW_BODY:

_POST:
[]

[2026-08-25T17:09:47+02:00] METHOD: GET RAW_BODY:

_POST:
[]

[2026-08-25T17:09:49+02:00] METHOD: GET RAW_BODY:

_POST:
[]

[2026-08-25T17:10:30+02:00] METHOD: GET RAW_BODY:

_POST:
[]

[2026-08-25T17:10:30+02:00] METHOD: GET RAW_BODY:

_POST:
[]

[2026-08-25T17:10:32+02:00] METHOD: GET RAW_BODY:

_POST:
[]

[2026-08-25T17:11:02+02:00] METHOD: POST RAW_BODY:

_POST:
{"action":"create_sale","purchase_id":"","payment_method":"cash","amount_paid":"3456","discount":"0","tax":"0","medicines":[{"medicine_id":"2","quantity":"200","selling_price":"17.28"}]}

[2026-08-25T17:11:02+02:00] METHOD: GET RAW_BODY:

_POST:
[]

[2026-08-25T17:19:41+02:00] METHOD: GET RAW_BODY:

_POST:
[]

[2026-08-25T17:19:41+02:00] METHOD: GET RAW_BODY:

_POST:
[]

[2026-08-25T17:19:52+02:00] METHOD: GET RAW_BODY:

_POST:
[]

[2026-08-25T17:21:16+02:00] METHOD: GET RAW_BODY:

_POST:
[]

[2026-08-25T17:21:16+02:00] METHOD: GET RAW_BODY:

_POST:
[]

[2026-08-25T17:22:02+02:00] METHOD: GET RAW_BODY:

_POST:
[]

[2026-08-25T17:22:02+02:00] METHOD: GET RAW_BODY:

_POST:
[]

[2026-08-25T17:22:04+02:00] METHOD: GET RAW_BODY:

_POST:
[]

[2026-08-25T17:22:16+02:00] METHOD: POST RAW_BODY:

_POST:
{"action":"create_sale","purchase_id":"","payment_method":"cash","amount_paid":"3456","discount":"0","tax":"0","medicines":[{"medicine_id":"2","quantity":"200","selling_price":"17.28"}]}

[2026-08-25T17:22:16+02:00] METHOD: GET RAW_BODY:

_POST:
[]

[2026-08-25T17:27:12+02:00] METHOD: GET RAW_BODY:

_POST:
[]

[2026-08-25T17:27:12+02:00] METHOD: GET RAW_BODY:

_POST:
[]

[2026-08-25T17:27:14+02:00] METHOD: GET RAW_BODY:

_POST:
[]

[2026-08-25T17:27:23+02:00] METHOD: POST RAW_BODY:

_POST:
{"action":"create_sale","purchase_id":"","payment_method":"cash","amount_paid":"3456","discount":"0","tax":"0","medicines":[{"medicine_id":"2","quantity":"200","selling_price":"17.28"}]}

[2026-08-25T17:27:23+02:00] METHOD: GET RAW_BODY:

_POST:
[]

[2026-08-25T17:27:25+02:00] METHOD: GET RAW_BODY:

_POST:
[]

[2026-08-25T17:27:25+02:00] METHOD: GET RAW_BODY:

_POST:
[]

[2026-08-25T17:37:30+02:00] METHOD: GET RAW_BODY:

_POST:
[]

[2026-08-25T17:37:30+02:00] METHOD: GET RAW_BODY:

_POST:
[]

[2026-08-25T17:37:32+02:00] METHOD: GET RAW_BODY:

_POST:
[]

[2026-08-25T17:37:51+02:00] METHOD: GET RAW_BODY:

_POST:
[]

[2026-08-25T17:37:51+02:00] METHOD: GET RAW_BODY:

_POST:
[]

[2026-08-25T17:37:52+02:00] METHOD: GET RAW_BODY:

_POST:
[]

[2026-08-25T17:38:02+02:00] METHOD: POST RAW_BODY:

_POST:
{"action":"create_sale","purchase_id":"","payment_method":"cash","amount_paid":"140","discount":"0","tax":"0","medicines":[{"medicine_id":"2","quantity":"8","selling_price":"17.28"}]}

[2026-08-25T17:38:02+02:00] METHOD: GET RAW_BODY:

_POST:
[]

[2026-08-25T17:43:24+02:00] METHOD: GET RAW_BODY:

_POST:
[]

[2026-08-25T17:43:24+02:00] METHOD: GET RAW_BODY:

_POST:
[]

[2026-08-25T17:43:26+02:00] METHOD: GET RAW_BODY:

_POST:
[]

[2026-08-25T17:43:53+02:00] METHOD: POST RAW_BODY:

_POST:
{"action":"create_sale","purchase_id":"","payment_method":"cash","amount_paid":"3456","discount":"0","tax":"0","medicines":[{"medicine_id":"2","quantity":"200","selling_price":"17.28"}]}

[2026-08-25T17:43:53+02:00] METHOD: GET RAW_BODY:

_POST:
[]

[2026-08-25T17:43:56+02:00] METHOD: GET RAW_BODY:

_POST:
[]

[2026-08-25T17:43:56+02:00] METHOD: GET RAW_BODY:

_POST:
[]

[2026-08-25T17:44:34+02:00] METHOD: GET RAW_BODY:

_POST:
[]

[2026-08-25T17:44:34+02:00] METHOD: GET RAW_BODY:

_POST:
[]

[2026-08-25T17:44:36+02:00] METHOD: GET RAW_BODY:

_POST:
[]

[2026-08-25T17:44:48+02:00] METHOD: POST RAW_BODY:

_POST:
{"action":"create_sale","purchase_id":"","payment_method":"cash","amount_paid":"200","discount":"0","tax":"0","medicines":[{"medicine_id":"2","quantity":"10","selling_price":"17.28"}]}

[2026-08-25T17:44:48+02:00] METHOD: GET RAW_BODY:

_POST:
[]

[2026-08-25T17:51:34+02:00] METHOD: GET RAW_BODY:

_POST:
[]

[2026-08-25T17:51:34+02:00] METHOD: GET RAW_BODY:

_POST:
[]

[2026-08-25T17:51:36+02:00] METHOD: GET RAW_BODY:

_POST:
[]

[2026-08-25T17:51:45+02:00] METHOD: POST RAW_BODY:

_POST:
{"action":"create_sale","purchase_id":"","payment_method":"cash","amount_paid":"100","discount":"0","tax":"0","medicines":[{"medicine_id":"2","quantity":"5","selling_price":"17.28"}]}

[2026-08-25T17:51:45+02:00] METHOD: GET RAW_BODY:

_POST:
[]

[2026-08-25T17:57:13+02:00] METHOD: GET RAW_BODY:

_POST:
[]

[2026-08-25T17:57:13+02:00] METHOD: GET RAW_BODY:

_POST:
[]

[2026-08-25T17:57:15+02:00] METHOD: GET RAW_BODY:

_POST:
[]

[2026-08-25T17:57:21+02:00] METHOD: POST RAW_BODY:

_POST:
{"action":"create_sale","purchase_id":"","payment_method":"cash","amount_paid":"100","discount":"0","tax":"0","medicines":[{"medicine_id":"2","quantity":"5","selling_price":"17.28"}]}

[2026-08-25T17:57:21+02:00] METHOD: GET RAW_BODY:

_POST:
[]

[2026-08-25T18:01:59+02:00] METHOD: GET RAW_BODY:

_POST:
[]

[2026-08-25T18:01:59+02:00] METHOD: GET RAW_BODY:

_POST:
[]

[2026-08-25T18:02:01+02:00] METHOD: GET RAW_BODY:

_POST:
[]

[2026-08-25T18:02:28+02:00] METHOD: POST RAW_BODY:

_POST:
{"action":"create_sale","purchase_id":"","payment_method":"cash","amount_paid":"6000","discount":"0","tax":"0","medicines":[{"medicine_id":"2","quantity":"260","selling_price":"17.28"}]}

[2026-08-25T18:02:28+02:00] METHOD: GET RAW_BODY:

_POST:
[]

[2026-08-25T18:14:14+02:00] METHOD: GET RAW_BODY:

_POST:
[]

[2026-08-25T18:14:14+02:00] METHOD: GET RAW_BODY:

_POST:
[]

[2026-08-25T18:14:15+02:00] METHOD: GET RAW_BODY:

_POST:
[]

[2026-08-25T18:14:35+02:00] METHOD: POST RAW_BODY:

_POST:
{"action":"create_sale","purchase_id":"","payment_method":"cash","amount_paid":"5000","discount":"0","tax":"0","medicines":[{"medicine_id":"2","quantity":"200","selling_price":"17.28"}]}

[2026-08-25T18:14:35+02:00] METHOD: GET RAW_BODY:

_POST:
[]

[2026-08-25T18:19:05+02:00] METHOD: GET RAW_BODY:

_POST:
[]

[2026-08-25T18:19:05+02:00] METHOD: GET RAW_BODY:

_POST:
[]

[2026-08-25T18:19:07+02:00] METHOD: GET RAW_BODY:

_POST:
[]

[2026-08-25T18:19:15+02:00] METHOD: POST RAW_BODY:

_POST:
{"action":"create_sale","purchase_id":"","payment_method":"cash","amount_paid":"100","discount":"0","tax":"0","medicines":[{"medicine_id":"2","quantity":"5","selling_price":"17.28"}]}

[2026-08-25T18:19:15+02:00] METHOD: GET RAW_BODY:

_POST:
[]

[2026-08-25T18:27:24+02:00] METHOD: GET RAW_BODY:

_POST:
[]

[2026-08-25T18:27:24+02:00] METHOD: GET RAW_BODY:

_POST:
[]

[2026-08-25T18:27:27+02:00] METHOD: GET RAW_BODY:

_POST:
[]

[2026-08-25T18:27:35+02:00] METHOD: POST RAW_BODY:

_POST:
{"action":"create_sale","purchase_id":"","payment_method":"cash","amount_paid":"5000","discount":"0","tax":"0","medicines":[{"medicine_id":"2","quantity":"200","selling_price":"17.28"}]}

[2026-08-25T18:27:35+02:00] METHOD: GET RAW_BODY:

_POST:
[]

[2026-08-25T18:31:05+02:00] METHOD: GET RAW_BODY:

_POST:
[]

[2026-08-25T18:31:05+02:00] METHOD: GET RAW_BODY:

_POST:
[]

[2026-08-25T18:31:07+02:00] METHOD: GET RAW_BODY:

_POST:
[]

[2026-08-25T18:31:12+02:00] METHOD: POST RAW_BODY:

_POST:
{"action":"create_sale","purchase_id":"","payment_method":"cash","amount_paid":"100","discount":"0","tax":"0","medicines":[{"medicine_id":"2","quantity":"5","selling_price":"17.28"}]}

[2026-08-25T18:31:12+02:00] METHOD: GET RAW_BODY:

_POST:
[]

[2026-08-25T18:34:28+02:00] METHOD: GET RAW_BODY:

_POST:
[]

[2026-08-25T18:34:28+02:00] METHOD: GET RAW_BODY:

_POST:
[]

[2026-08-25T18:41:34+02:00] METHOD: GET RAW_BODY:

_POST:
[]

[2026-08-25T18:41:34+02:00] METHOD: GET RAW_BODY:

_POST:
[]

[2026-08-25T18:41:36+02:00] METHOD: GET RAW_BODY:

_POST:
[]

[2026-08-25T18:41:36+02:00] METHOD: GET RAW_BODY:

_POST:
[]

[2026-08-25T18:41:36+02:00] METHOD: GET RAW_BODY:

_POST:
[]

[2026-08-25T18:41:36+02:00] METHOD: GET RAW_BODY:

_POST:
[]

[2026-08-25T18:41:36+02:00] METHOD: GET RAW_BODY:

_POST:
[]

[2026-08-25T18:41:36+02:00] METHOD: GET RAW_BODY:

_POST:
[]

[2026-08-25T18:41:37+02:00] METHOD: GET RAW_BODY:

_POST:
[]

[2026-08-25T18:41:37+02:00] METHOD: GET RAW_BODY:

_POST:
[]

[2026-08-25T18:41:38+02:00] METHOD: GET RAW_BODY:

_POST:
[]

[2026-08-25T18:41:38+02:00] METHOD: GET RAW_BODY:

_POST:
[]

[2026-08-25T18:41:39+02:00] METHOD: GET RAW_BODY:

_POST:
[]

[2026-08-25T18:41:39+02:00] METHOD: GET RAW_BODY:

_POST:
[]

[2026-08-25T18:41:48+02:00] METHOD: GET RAW_BODY:

_POST:
[]

[2026-08-25T18:41:53+02:00] METHOD: GET RAW_BODY:

_POST:
[]

[2026-08-25T18:41:59+02:00] METHOD: POST RAW_BODY:

_POST:
{"action":"create_sale","purchase_id":"","payment_method":"cash","amount_paid":"20","discount":"0","tax":"0","medicines":[{"medicine_id":"2","quantity":"1","selling_price":"17.28"}]}

[2026-08-25T18:41:59+02:00] METHOD: GET RAW_BODY:

_POST:
[]

[2026-08-25T18:53:31+02:00] METHOD: GET RAW_BODY:

_POST:
[]

[2026-08-25T18:53:31+02:00] METHOD: GET RAW_BODY:

_POST:
[]

[2026-08-25T18:53:33+02:00] METHOD: GET RAW_BODY:

_POST:
[]

[2026-08-25T18:53:40+02:00] METHOD: POST RAW_BODY:

_POST:
{"action":"create_sale","purchase_id":"","payment_method":"cash","amount_paid":"100","discount":"0","tax":"0","medicines":[{"medicine_id":"2","quantity":"2","selling_price":"17.28"}]}

[2026-08-25T18:53:40+02:00] METHOD: GET RAW_BODY:

_POST:
[]

[2026-08-25T19:02:18+02:00] METHOD: GET RAW_BODY:

_POST:
[]

[2026-08-25T19:02:18+02:00] METHOD: GET RAW_BODY:

_POST:
[]

[2026-08-25T19:02:38+02:00] METHOD: GET RAW_BODY:

_POST:
[]

[2026-08-25T19:02:38+02:00] METHOD: GET RAW_BODY:

_POST:
[]

[2026-08-25T19:02:39+02:00] METHOD: GET RAW_BODY:

_POST:
[]

[2026-08-25T19:02:54+02:00] METHOD: POST RAW_BODY:

_POST:
{"action":"create_sale","purchase_id":"","payment_method":"cash","amount_paid":"3000","discount":"0","tax":"0","medicines":[{"medicine_id":"2","quantity":"150","selling_price":"17.28"}]}

[2026-08-25T19:02:54+02:00] METHOD: GET RAW_BODY:

_POST:
[]

[2026-08-27T15:25:00+02:00] METHOD: GET RAW_BODY:

_POST:
[]

[2026-08-27T15:25:00+02:00] METHOD: GET RAW_BODY:

_POST:
[]

[2026-08-27T15:40:08+02:00] METHOD: GET RAW_BODY:

_POST:
[]

[2026-08-27T15:40:08+02:00] METHOD: GET RAW_BODY:

_POST:
[]

[2026-08-27T15:40:10+02:00] METHOD: GET RAW_BODY:

_POST:
[]

[2026-08-27T15:40:17+02:00] METHOD: POST RAW_BODY:

_POST:
{"action":"create_sale","purchase_id":"","payment_method":"cash","amount_paid":"3000","discount":"0","tax":"0","medicines":[{"medicine_id":"2","quantity":"200","selling_price":"14.4"}]}

[2026-08-27T15:40:17+02:00] METHOD: GET RAW_BODY:

_POST:
[]

[2026-08-27T15:41:04+02:00] METHOD: GET RAW_BODY:

_POST:
[]

[2026-08-27T15:41:04+02:00] METHOD: GET RAW_BODY:

_POST:
[]

[2026-08-27T15:41:06+02:00] METHOD: GET RAW_BODY:

_POST:
[]

[2026-08-27T15:50:45+02:00] METHOD: GET RAW_BODY:

_POST:
[]

[2026-08-27T15:50:45+02:00] METHOD: GET RAW_BODY:

_POST:
[]

[2026-08-27T15:50:47+02:00] METHOD: GET RAW_BODY:

_POST:
[]

[2026-08-27T15:54:30+02:00] METHOD: GET RAW_BODY:

_POST:
[]

[2026-08-27T15:54:30+02:00] METHOD: GET RAW_BODY:

_POST:
[]

[2026-08-27T15:55:14+02:00] METHOD: GET RAW_BODY:

_POST:
[]

[2026-08-27T15:55:14+02:00] METHOD: GET RAW_BODY:

_POST:
[]

[2026-08-27T15:55:15+02:00] METHOD: GET RAW_BODY:

_POST:
[]

[2026-08-27T15:55:31+02:00] METHOD: GET RAW_BODY:

_POST:
[]

[2026-08-27T15:55:46+02:00] METHOD: POST RAW_BODY:

_POST:
{"action":"create_sale","purchase_id":"","payment_method":"cash","amount_paid":"3000","discount":"0","tax":"0","medicines":[{"medicine_id":"1","quantity":"200","selling_price":"14.4"}]}

[2026-08-27T15:55:46+02:00] METHOD: GET RAW_BODY:

_POST:
[]

[2026-08-27T16:04:02+02:00] METHOD: GET RAW_BODY:

_POST:
[]

[2026-08-27T16:04:02+02:00] METHOD: GET RAW_BODY:

_POST:
[]

[2026-08-27T16:04:03+02:00] METHOD: GET RAW_BODY:

_POST:
[]

[2026-08-27T16:04:16+02:00] METHOD: POST RAW_BODY:

_POST:
{"action":"create_sale","purchase_id":"","payment_method":"cash","amount_paid":"4000","discount":"0","tax":"0","medicines":[{"medicine_id":"2","quantity":"200","selling_price":"17.28"}]}

[2026-08-27T16:04:16+02:00] METHOD: GET RAW_BODY:

_POST:
[]

[2026-08-27T17:33:35+02:00] METHOD: GET RAW_BODY:

_POST:
[]

[2026-08-27T17:33:35+02:00] METHOD: GET RAW_BODY:

_POST:
[]

[2026-08-27T17:33:37+02:00] METHOD: GET RAW_BODY:

_POST:
[]

[2026-08-27T17:33:44+02:00] METHOD: POST RAW_BODY:

_POST:
{"action":"create_sale","purchase_id":"","payment_method":"cash","amount_paid":"4000","discount":"0","tax":"0","medicines":[{"medicine_id":"2","quantity":"200","selling_price":"17.28"}]}

[2026-08-27T17:33:44+02:00] METHOD: GET RAW_BODY:

_POST:
[]

[2026-08-27T17:36:26+02:00] METHOD: GET RAW_BODY:

_POST:
[]

[2026-08-27T17:36:26+02:00] METHOD: GET RAW_BODY:

_POST:
[]

[2026-08-27T17:36:27+02:00] METHOD: GET RAW_BODY:

_POST:
[]

[2026-08-27T17:36:36+02:00] METHOD: POST RAW_BODY:

_POST:
{"action":"create_sale","purchase_id":"","payment_method":"cash","amount_paid":"200","discount":"0","tax":"0","medicines":[{"medicine_id":"2","quantity":"7","selling_price":"17.28"}]}

[2026-08-27T17:36:36+02:00] METHOD: GET RAW_BODY:

_POST:
[]

[2026-08-27T17:37:40+02:00] METHOD: GET RAW_BODY:

_POST:
[]

[2026-08-27T17:37:40+02:00] METHOD: GET RAW_BODY:

_POST:
[]

[2026-08-27T17:37:42+02:00] METHOD: GET RAW_BODY:

_POST:
[]

[2026-08-27T17:37:47+02:00] METHOD: POST RAW_BODY:

_POST:
{"action":"create_sale","purchase_id":"","payment_method":"cash","amount_paid":"20","discount":"0","tax":"0","medicines":[{"medicine_id":"2","quantity":"1","selling_price":"17.28"}]}

[2026-08-27T17:37:47+02:00] METHOD: GET RAW_BODY:

_POST:
[]

[2026-08-27T17:40:15+02:00] METHOD: GET RAW_BODY:

_POST:
[]

[2026-08-27T17:40:15+02:00] METHOD: GET RAW_BODY:

_POST:
[]

[2026-08-27T17:44:58+02:00] METHOD: GET RAW_BODY:

_POST:
[]

[2026-08-27T17:44:58+02:00] METHOD: GET RAW_BODY:

_POST:
[]

[2026-08-27T17:45:07+02:00] METHOD: GET RAW_BODY:

_POST:
[]

[2026-08-27T17:45:07+02:00] METHOD: GET RAW_BODY:

_POST:
[]

[2026-08-27T17:45:08+02:00] METHOD: GET RAW_BODY:

_POST:
[]

[2026-08-28T17:57:51+02:00] METHOD: GET RAW_BODY:

_POST:
[]

[2026-08-28T17:57:51+02:00] METHOD: GET RAW_BODY:

_POST:
[]

[2026-08-28T17:57:53+02:00] METHOD: GET RAW_BODY:

_POST:
[]

[2026-08-28T17:58:02+02:00] METHOD: GET RAW_BODY:

_POST:
[]

[2026-08-28T18:22:17+02:00] METHOD: GET RAW_BODY:

_POST:
[]

[2026-08-28T18:22:17+02:00] METHOD: GET RAW_BODY:

_POST:
[]

[2026-08-28T18:22:22+02:00] METHOD: GET RAW_BODY:

_POST:
[]

[2026-08-28T18:22:22+02:00] METHOD: GET RAW_BODY:

_POST:
[]

[2026-08-28T18:22:23+02:00] METHOD: GET RAW_BODY:

_POST:
[]

[2026-08-28T18:22:43+02:00] METHOD: POST RAW_BODY:

_POST:
{"action":"create_sale","purchase_id":"","payment_method":"cash","amount_paid":"50","discount":"0","tax":"0","medicines":[{"medicine_id":"6","quantity":"2","selling_price":"21.6"}]}

[2026-08-28T18:22:43+02:00] METHOD: GET RAW_BODY:

_POST:
[]

[2026-08-28T18:42:48+02:00] METHOD: GET RAW_BODY:

_POST:
[]

[2026-08-28T18:42:48+02:00] METHOD: GET RAW_BODY:

_POST:
[]

[2026-08-28T18:42:49+02:00] METHOD: GET RAW_BODY:

_POST:
[]

[2026-08-28T18:43:04+02:00] METHOD: POST RAW_BODY:

_POST:
{"action":"create_sale","purchase_id":"","payment_method":"cash","amount_paid":"6000","discount":"0","tax":"0","medicines":[{"medicine_id":"7","quantity":"250","selling_price":"23.04"}]}

[2026-08-28T18:43:04+02:00] METHOD: GET RAW_BODY:

_POST:
[]

[2026-08-29T15:33:46+02:00] METHOD: GET RAW_BODY:

_POST:
[]

[2026-08-29T15:33:46+02:00] METHOD: GET RAW_BODY:

_POST:
[]

[2026-08-29T15:35:49+02:00] METHOD: GET RAW_BODY:

_POST:
[]

[2026-08-29T15:35:49+02:00] METHOD: GET RAW_BODY:

_POST:
[]

[2026-08-29T15:37:18+02:00] METHOD: GET RAW_BODY:

_POST:
[]

[2026-08-29T15:37:18+02:00] METHOD: GET RAW_BODY:

_POST:
[]

[2026-08-30T09:56:36+02:00] METHOD: GET RAW_BODY:

_POST:
[]

[2026-08-30T09:56:36+02:00] METHOD: GET RAW_BODY:

_POST:
[]

[2026-08-30T09:56:46+02:00] METHOD: GET RAW_BODY:

_POST:
[]

[2026-08-30T09:56:46+02:00] METHOD: GET RAW_BODY:

_POST:
[]

[2026-08-30T10:05:00+02:00] METHOD: GET RAW_BODY:

_POST:
[]

[2026-08-30T10:05:00+02:00] METHOD: GET RAW_BODY:

_POST:
[]

[2026-08-30T10:05:00+02:00] METHOD: GET RAW_BODY:

_POST:
[]

[2026-08-30T10:05:00+02:00] METHOD: GET RAW_BODY:

_POST:
[]

[2026-08-30T10:05:02+02:00] METHOD: GET RAW_BODY:

_POST:
[]

[2026-08-30T10:05:02+02:00] METHOD: GET RAW_BODY:

_POST:
[]

[2026-08-30T10:05:03+02:00] METHOD: GET RAW_BODY:

_POST:
[]

[2026-08-30T10:05:03+02:00] METHOD: GET RAW_BODY:

_POST:
[]

[2026-08-30T10:05:03+02:00] METHOD: GET RAW_BODY:

_POST:
[]

[2026-08-30T10:05:03+02:00] METHOD: GET RAW_BODY:

_POST:
[]

[2026-08-30T10:05:03+02:00] METHOD: GET RAW_BODY:

_POST:
[]

[2026-08-30T10:05:03+02:00] METHOD: GET RAW_BODY:

_POST:
[]

[2026-08-30T10:05:03+02:00] METHOD: GET RAW_BODY:

_POST:
[]

[2026-08-30T10:05:03+02:00] METHOD: GET RAW_BODY:

_POST:
[]

[2026-08-30T10:05:04+02:00] METHOD: GET RAW_BODY:

_POST:
[]

[2026-08-30T10:05:04+02:00] METHOD: GET RAW_BODY:

_POST:
[]

[2026-08-30T10:05:04+02:00] METHOD: GET RAW_BODY:

_POST:
[]

[2026-08-30T10:05:04+02:00] METHOD: GET RAW_BODY:

_POST:
[]

[2026-08-30T10:05:04+02:00] METHOD: GET RAW_BODY:

_POST:
[]

[2026-08-30T10:05:04+02:00] METHOD: GET RAW_BODY:

_POST:
[]

[2026-08-30T10:05:04+02:00] METHOD: GET RAW_BODY:

_POST:
[]

[2026-08-30T10:05:04+02:00] METHOD: GET RAW_BODY:

_POST:
[]

[2026-08-30T10:05:04+02:00] METHOD: GET RAW_BODY:

_POST:
[]

[2026-08-30T10:05:04+02:00] METHOD: GET RAW_BODY:

_POST:
[]

[2026-08-30T10:30:39+02:00] METHOD: GET RAW_BODY:

_POST:
[]

[2026-08-30T10:30:40+02:00] METHOD: GET RAW_BODY:

_POST:
[]

[2026-08-30T10:31:35+02:00] METHOD: GET RAW_BODY:

_POST:
[]

[2026-08-30T10:31:35+02:00] METHOD: GET RAW_BODY:

_POST:
[]

[2026-08-30T10:58:07+02:00] METHOD: GET RAW_BODY:

_POST:
[]

[2026-08-30T10:58:07+02:00] METHOD: GET RAW_BODY:

_POST:
[]

[2026-08-30T10:59:53+02:00] METHOD: GET RAW_BODY:

_POST:
[]

[2026-08-30T10:59:54+02:00] METHOD: GET RAW_BODY:

_POST:
[]

[2026-08-30T13:39:02+02:00] METHOD: GET RAW_BODY:

_POST:
[]

[2026-08-30T13:39:02+02:00] METHOD: GET RAW_BODY:

_POST:
[]

[2026-08-30T13:39:05+02:00] METHOD: GET RAW_BODY:

_POST:
[]

[2026-08-30T13:39:06+02:00] METHOD: GET RAW_BODY:

_POST:
[]

[2026-08-30T13:39:11+02:00] METHOD: GET RAW_BODY:

_POST:
[]

[2026-08-30T13:39:13+02:00] METHOD: GET RAW_BODY:

_POST:
[]

[2026-08-30T13:39:15+02:00] METHOD: GET RAW_BODY:

_POST:
[]

[2026-08-30T13:39:20+02:00] METHOD: GET RAW_BODY:

_POST:
[]

[2026-08-30T13:39:22+02:00] METHOD: GET RAW_BODY:

_POST:
[]

[2026-08-30T13:39:25+02:00] METHOD: GET RAW_BODY:

_POST:
[]

[2026-08-30T13:39:27+02:00] METHOD: GET RAW_BODY:

_POST:
[]

[2026-08-30T13:39:30+02:00] METHOD: GET RAW_BODY:

_POST:
[]

[2026-08-30T13:39:31+02:00] METHOD: GET RAW_BODY:

_POST:
[]

[2026-08-30T13:39:33+02:00] METHOD: GET RAW_BODY:

_POST:
[]

[2026-08-30T13:39:39+02:00] METHOD: GET RAW_BODY:

_POST:
[]

[2026-08-30T13:39:50+02:00] METHOD: GET RAW_BODY:

_POST:
[]

[2026-08-30T13:40:12+02:00] METHOD: GET RAW_BODY:

_POST:
[]

[2026-08-30T13:40:30+02:00] METHOD: GET RAW_BODY:

_POST:
[]

[2026-08-30T13:48:47+02:00] METHOD: GET RAW_BODY:

_POST:
[]

[2026-08-30T13:48:50+02:00] METHOD: GET RAW_BODY:

_POST:
[]

[2026-08-30T13:48:53+02:00] METHOD: GET RAW_BODY:

_POST:
[]

[2026-08-30T13:48:55+02:00] METHOD: GET RAW_BODY:

_POST:
[]

[2026-08-30T13:53:26+02:00] METHOD: GET RAW_BODY:

_POST:
[]

[2026-08-30T13:53:26+02:00] METHOD: GET RAW_BODY:

_POST:
[]

[2026-08-30T13:53:39+02:00] METHOD: GET RAW_BODY:

_POST:
[]

[2026-08-30T13:53:39+02:00] METHOD: GET RAW_BODY:

_POST:
[]

[2026-08-30T13:58:26+02:00] METHOD: GET RAW_BODY:

_POST:
[]

[2026-08-30T13:58:26+02:00] METHOD: GET RAW_BODY:

_POST:
[]

[2026-08-30T13:58:26+02:00] METHOD: GET RAW_BODY:

_POST:
[]

[2026-08-30T13:58:36+02:00] METHOD: GET RAW_BODY:

_POST:
[]

[2026-08-30T13:58:40+02:00] METHOD: GET RAW_BODY:

_POST:
[]

[2026-08-30T13:58:44+02:00] METHOD: GET RAW_BODY:

_POST:
[]

[2026-08-30T13:59:02+02:00] METHOD: GET RAW_BODY:

_POST:
[]

[2026-08-30T13:59:02+02:00] METHOD: GET RAW_BODY:

_POST:
[]

[2026-08-30T14:20:00+02:00] METHOD: GET RAW_BODY:

_POST:
[]

[2026-08-30T14:20:00+02:00] METHOD: GET RAW_BODY:

_POST:
[]

